// ----------------------------------------------------------------------------
// LegUp High-Level Synthesis Tool Version 7.5 (http://legupcomputing.com)
// Copyright (c) 2015-2019 LegUp Computing Inc. All Rights Reserved.
// For technical issues, please contact: support@legupcomputing.com
// For general inquiries, please contact: info@legupcomputing.com
// Date: Fri May  8 16:23:57 2020
// ----------------------------------------------------------------------------

LegUp Summary Report for Project: p6.

Table of Contents
  1. Scheduling Result
  2. Pipeline Result
  3. Memory Usage
  4. Resource Binding with Adaptive Latency


====== 1. Scheduling Result ======

Please use LegUp's schedule viewer to examine the schedule.

Basic Block Latencies:

+--------------------------------------------------+
| Function: main (non-pipelined function)          |
+----------------------------------+---------------+
| Basic Block                      | Cycle Latency |
+----------------------------------+---------------+
| %if.else399                      | 1             |
| %if.then401                      | 1             |
| %entry                           | 1             |
| %NodeBlock9                      | 1             |
| %NodeBlock7                      | 1             |
| %NodeBlock5                      | 1             |
| %LeafBlock3                      | 1             |
| %NodeBlock9.backedge             | 1             |
| %for.cond507.preheader.preheader | 1             |
| %NodeBlock1                      | 1             |
| %NodeBlock                       | 1             |
| %LeafBlock                       | 1             |
| %sw.bb                           | 64            |
| %for.cond255.preheader           | 8             |
| %for.body265.preheader           | 1             |
| %for.body265                     | 2             |
| %for.end270                      | 36            |
| %sw.bb281                        | 1             |
| %if.end                          | 3             |
| %sw.bb292                        | 1             |
| %if.end295                       | 33            |
| %if.then300                      | 1             |
| %if.then302                      | 34            |
| %if.else313                      | 1             |
| %if.then315                      | 34            |
| %if.else326                      | 33            |
| %if.then328                      | 33            |
| %if.else339                      | 33            |
| %if.else353                      | 1             |
| %if.then355                      | 3             |
| %NodeBlock16                     | 1             |
| %LeafBlock14                     | 1             |
| %LeafBlock12                     | 1             |
| %if.then362                      | 3             |
| %if.then369                      | 3             |
| %if.else374                      | 3             |
| %if.end382                       | 3             |
| %if.then394                      | 2             |
| %if.end404                       | 1             |
| %sw.bb409                        | 1             |
| %if.then411                      | 1             |
| %if.end413                       | 33            |
| %NodeBlock23                     | 1             |
| %LeafBlock21                     | 1             |
| %LeafBlock19                     | 1             |
| %if.then418                      | 1             |
| %if.then425                      | 1             |
| %if.then432                      | 1             |
| %if.else437                      | 1             |
| %if.end444                       | 6             |
| %if.then457                      | 2             |
| %if.else463                      | 1             |
| %if.then465                      | 1             |
| %sw.bb474                        | 1             |
| %if.end477                       | 37            |
| %for.cond507.preheader           | 8             |
| %for.end519                      | 1             |
| %cleanup                         | 1             |
+----------------------------------+---------------+

====== 2. Pipeline Result ======

No pipeline is generated.

====== 3. Memory Usage ======

+--------------------------------------------------------------------------------------+
| Local Memories                                                                       |
+--------------------+-----------------------+------+-------------+------------+-------+
| Name               | Accessing Function(s) | Type | Size [Bits] | Data Width | Depth |
+--------------------+-----------------------+------+-------------+------------+-------+
| main_entry_vla701  | main                  | RAM  | 4000        | 32         | 125   |
| main_entry_vla1702 | main                  | RAM  | 4000        | 32         | 125   |
| main_entry_vla2703 | main                  | RAM  | 3232        | 32         | 101   |
| main_entry_vla3704 | main                  | RAM  | 3232        | 32         | 101   |
| main_entry_vla4705 | main                  | RAM  | 3872        | 32         | 121   |
+--------------------+-----------------------+------+-------------+------------+-------+

+-------------------------+
| Local Constant Memories |
+-------------------------+
| None                    |
+-------------------------+

+-----------------------+
| Shared Local Memories |
+-----------------------+
| None                  |
+-----------------------+

+----------------------------------------------------------------------------------------------------+
| Aliased Memories                                                                                   |
+------------+---------------------+-----------------------+------+-------------+------------+-------+
| Name       | Memory Controller   | Accessing Function(s) | Type | Size [Bits] | Data Width | Depth |
+------------+---------------------+-----------------------+------+-------------+------------+-------+
| main_opcY0 | memory_controller_0 | main                  | ROM  | 1984        | 32         | 62    |
| main_opcY1 | memory_controller_0 | main                  | ROM  | 1984        | 32         | 62    |
| main_opcY2 | memory_controller_0 | main                  | ROM  | 1984        | 32         | 62    |
| main_opcY3 | memory_controller_0 | main                  | ROM  | 1984        | 32         | 62    |
| main_opcX1 | memory_controller_1 | main                  | ROM  | 1984        | 32         | 62    |
| main_opcX2 | memory_controller_1 | main                  | ROM  | 1984        | 32         | 62    |
| main_opcX3 | memory_controller_1 | main                  | ROM  | 1984        | 32         | 62    |
+------------+---------------------+-----------------------+------+-------------+------------+-------+

+--------------+
| I/O Memories |
+--------------+
| None         |
+--------------+


====== 4. Resource Binding with Adaptive Latency ======

Binding to resource with adaptive latency is disabled.
You can enable this feature by setting config parameter 'ADAPTIVE_LATENCY_BINDING' to 1.


