// ----------------------------------------------------------------------------
// LegUp High-Level Synthesis Tool Version 7.5 (http://legupcomputing.com)
// Copyright (c) 2015-2019 LegUp Computing Inc. All Rights Reserved.
// For technical issues, please contact: support@legupcomputing.com
// For general inquiries, please contact: info@legupcomputing.com
// Date: Fri May  8 16:02:01 2020
// ----------------------------------------------------------------------------

LegUp Summary Report for Project: mib.

Table of Contents
  1. Scheduling Result
  2. Pipeline Result
  3. Memory Usage
  4. Resource Binding with Adaptive Latency


====== 1. Scheduling Result ======

Please use LegUp's schedule viewer to examine the schedule.

Basic Block Latencies:

+--------------------------------------------------+
| Function: main (non-pipelined function)          |
+----------------------------------+---------------+
| Basic Block                      | Cycle Latency |
+----------------------------------+---------------+
| %entry                           | 1             |
| %sw.bb223                        | 1             |
| %if.then225                      | 1             |
| %NodeBlock9                      | 1             |
| %NodeBlock7                      | 1             |
| %NodeBlock5                      | 1             |
| %LeafBlock3                      | 1             |
| %NodeBlock9.backedge             | 1             |
| %for.cond321.preheader.preheader | 1             |
| %NodeBlock1                      | 1             |
| %NodeBlock                       | 1             |
| %LeafBlock                       | 1             |
| %sw.bb                           | 19            |
| %for.body79                      | 2             |
| %for.end84                       | 36            |
| %sw.bb95                         | 1             |
| %if.end                          | 3             |
| %sw.bb106                        | 1             |
| %if.end109                       | 33            |
| %if.then114                      | 1             |
| %if.then116                      | 34            |
| %if.else127                      | 1             |
| %if.then129                      | 34            |
| %if.else140                      | 33            |
| %if.then142                      | 33            |
| %if.else153                      | 33            |
| %if.else167                      | 1             |
| %if.then169                      | 3             |
| %NodeBlock16                     | 1             |
| %LeafBlock14                     | 1             |
| %LeafBlock12                     | 1             |
| %if.then176                      | 3             |
| %if.then183                      | 3             |
| %if.else188                      | 3             |
| %if.end196                       | 3             |
| %if.then208                      | 2             |
| %if.else213                      | 1             |
| %if.then215                      | 1             |
| %if.end218                       | 1             |
| %if.end227                       | 33            |
| %NodeBlock23                     | 1             |
| %LeafBlock21                     | 1             |
| %LeafBlock19                     | 1             |
| %if.then232                      | 1             |
| %if.then239                      | 1             |
| %if.then246                      | 1             |
| %if.else251                      | 1             |
| %if.end258                       | 6             |
| %if.then271                      | 2             |
| %if.else277                      | 1             |
| %if.then279                      | 1             |
| %sw.bb288                        | 1             |
| %if.end291                       | 37            |
| %for.cond321.preheader           | 5             |
| %for.end333                      | 1             |
| %cleanup                         | 1             |
+----------------------------------+---------------+

====== 2. Pipeline Result ======

No pipeline is generated.

====== 3. Memory Usage ======

+--------------------------------------------------------------------------------------+
| Local Memories                                                                       |
+--------------------+-----------------------+------+-------------+------------+-------+
| Name               | Accessing Function(s) | Type | Size [Bits] | Data Width | Depth |
+--------------------+-----------------------+------+-------------+------------+-------+
| main_entry_vla515  | main                  | RAM  | 1024        | 32         | 32    |
| main_entry_vla1516 | main                  | RAM  | 1024        | 32         | 32    |
| main_entry_vla2517 | main                  | RAM  | 864         | 32         | 27    |
| main_entry_vla3518 | main                  | RAM  | 864         | 32         | 27    |
| main_entry_vla4519 | main                  | RAM  | 1152        | 32         | 36    |
+--------------------+-----------------------+------+-------------+------------+-------+

+-------------------------+
| Local Constant Memories |
+-------------------------+
| None                    |
+-------------------------+

+-----------------------+
| Shared Local Memories |
+-----------------------+
| None                  |
+-----------------------+

+----------------------------------------------------------------------------------------------------+
| Aliased Memories                                                                                   |
+------------+---------------------+-----------------------+------+-------------+------------+-------+
| Name       | Memory Controller   | Accessing Function(s) | Type | Size [Bits] | Data Width | Depth |
+------------+---------------------+-----------------------+------+-------------+------------+-------+
| main_opcY0 | memory_controller_0 | main                  | ROM  | 1984        | 32         | 62    |
| main_opcY1 | memory_controller_0 | main                  | ROM  | 1984        | 32         | 62    |
| main_opcY2 | memory_controller_0 | main                  | ROM  | 1984        | 32         | 62    |
| main_opcY3 | memory_controller_0 | main                  | ROM  | 1984        | 32         | 62    |
| main_opcX1 | memory_controller_1 | main                  | ROM  | 1984        | 32         | 62    |
| main_opcX2 | memory_controller_1 | main                  | ROM  | 1984        | 32         | 62    |
| main_opcX3 | memory_controller_1 | main                  | ROM  | 1984        | 32         | 62    |
+------------+---------------------+-----------------------+------+-------------+------------+-------+

+--------------+
| I/O Memories |
+--------------+
| None         |
+--------------+


====== 4. Resource Binding with Adaptive Latency ======

Binding to resource with adaptive latency is disabled.
You can enable this feature by setting config parameter 'ADAPTIVE_LATENCY_BINDING' to 1.


